RAM Allocation [bytes]
Variable                                                                          Address   Size
------------------------------------------------------------------------------------------------
arrayOre                                                                          0x0200      24

EEPROM Allocation [bytes]
Variable                                                                          Address   Size
------------------------------------------------------------------------------------------------

Register Allocation
Variable                                                                          Register  Size
------------------------------------------------------------------------------------------------
nrTotalPuls                                                                       R4           1
contorIn                                                                          R3           1
contorSec                                                                         R6           1
contorMin                                                                         R5           1
contorHr                                                                          R8           1
val_afisor                                                                        R7           1
button_pressed                                                                    R10          1
check_pulse                                                                       R9           1
cont_pulse                                                                        R12          1
in_semnal_p                                                                       R11          1

FLASH Allocation [words]
Function                                                                          Address   Size
------------------------------------------------------------------------------------------------
timer0_ovf_isr                                                                    0x00076     55
get_Curent_state                                                                  0x000AD     11
LED_Stare_Curent                                                                  0x000B8     19
ValAfisorButon                                                                    0x000CB     65
main                                                                              0x0010C    111
