RAM Allocation [bytes]
Variable                                                                          Address   Size
------------------------------------------------------------------------------------------------
arrayOre                                                                          0x0200      24

EEPROM Allocation [bytes]
Variable                                                                          Address   Size
------------------------------------------------------------------------------------------------

Register Allocation
Variable                                                                          Register  Size
------------------------------------------------------------------------------------------------
contorIn                                                                          R4           1
contorSec                                                                         R3           1
contorMin                                                                         R6           1
contorHr                                                                          R5           1
val_afisor                                                                        R8           1
cont_pulse                                                                        R7           1
cifra0                                                                            R10          1
cifra1                                                                            R9           1

FLASH Allocation [words]
Function                                                                          Address   Size
------------------------------------------------------------------------------------------------
timer0_ovf_isr                                                                    0x00076     55
get_Curent_state                                                                  0x000AD     11
LED_Stare_Curent                                                                  0x000B8     22
Afisor_2Cifre                                                                     0x000CE    181
ValAfisorButon                                                                    0x00183     65
main                                                                              0x001C4    113
